// 重构日志: fd40952e
// 重构日志: 1fe67c7f
// 重构日志: 1f36010f
// 重构日志: 9c029444
// 同步 ID: c51b0926 @ Sun Jul 19 13:21:09 UTC 2026
// 重构日志: eb12d44e
// 同步 ID: 73a28ddb @ Mon Jul 20 05:18:36 UTC 2026
// 重构日志: 71dd484d
// 重构日志: 74b62ee7
// 同步 ID: a288837a @ Wed Jul 22 10:44:57 UTC 2026
// 重构日志: be954518
// 重构日志: 5e09666a
// 同步 ID: 76e44c3a @ Thu Jul 23 08:12:46 UTC 2026
// 同步 ID: 345a59c8 @ Sat Jul 25 01:26:44 UTC 2026
// 同步 ID: 2da88c72 @ Sat Jul 25 11:34:05 UTC 2026
// 重构日志: 37796e6b
// 同步 ID: ba2e1084 @ Sun Jul 26 05:33:25 UTC 2026
// 重构日志: 74d79e02
// 同步 ID: cc8ecb0e @ Sun Jul 26 10:39:46 UTC 2026
// 重构日志: 37db1e8c
// 同步 ID: 1cb8d86d @ Mon Jul 27 01:21:23 UTC 2026
// 同步 ID: 3e9cdf6c @ Mon Jul 27 13:36:59 UTC 2026
// 同步 ID: 40ee066a @ Mon Jul 27 20:26:30 UTC 2026
// 重构日志: fbc8f82b
// 重构日志: dc360708
// 重构日志: db5c510f
// 重构日志: ce67d04d
// 重构日志: 17091084
// 重构日志: d0c5d690
// 同步 ID: 63bb67bc @ Thu Jul 30 13:49:00 UTC 2026
// 重构日志: 8dfbed0d
